[33m▲ [43;33m[[43;30mWARNING[43;33m][0m [1mProxy environment variables detected. We'll use your proxy for fetch requests.[0m



 ⛅️ wrangler 4.130.0
────────────────────
🌀 Building list of assets...
✨ Read 1498 files from the assets directory /Users/gregory/Workspace/_wt/hh-r3
🌀 Starting asset upload...
🌀 Found 2 new or modified static assets to upload. Proceeding with upload...
+ /programs/studio.html
+ /programs/guidebook.html
Uploaded 1 of 2 assets
Uploaded 2 of 2 assets
✨ Success! Uploaded 2 files (626 already uploaded) (0.85 sec)

Total Upload: 11.79 KiB / gzip: 3.74 KiB
Worker Startup Time: 0 ms
Your Worker has access to the following bindings:
Binding                   Resource         
env.DB (hyunhak)          D1 Database      
env.ASSETS                Assets           

Uploaded hyunhak-site (3.32 sec)
Worker Version ID: fd22197d-1369-4552-aae5-4e46d83197b9
Version Preview URL: https://fd22197d-hyunhak-site.alongtheblue.workers.dev

To deploy this version to production traffic use the command wrangler versions deploy

Changes to non-versioned settings (config properties 'logpush' or 'tail_consumers') take effect after your next deployment using the command wrangler versions deploy

Changes to triggers (routes, custom domains, cron schedules, etc) must be applied with the command wrangler triggers deploy

