$ git show 8f9afab:guidebook/gachon.html | python3 /Users/gregory/unjang/_shared/style_gate/style_gate.py scan --gate-only -
-:1:0  [S2 C-12 게이트] 쉼표 포함 문장 비율 과다  ← '60% (32/53)'
    → 일부 문장의 쉼표를 마침표 분할·연결어미 흡수·삭제로. KatFish: 사람 26% vs AI 61%
-:285:112  [S1 C-8 게이트] 대구 공식 'A가 아니라 B'  ← '이 아니라'
    → 한 번만 살리고 나머지는 비대칭 평서문, 직접 단언으로. 전멸 금지
-:360:59  [S1 C-8 게이트] 대구 공식 'A가 아니라 B'  ← '이 아니라'
    → 한 번만 살리고 나머지는 비대칭 평서문, 직접 단언으로. 전멸 금지
-:380:0  [S2 E-2 게이트] 동일 종결어미 연속  ← "'니다' 류 9문장 연속"
    → '~다·~았다·~ㄴ다·~기 마련이다·명사형' 섞기. 상류 실측 '~한다' 편중 AI 1.8배

[deliverable/general] 등급 C  |  게이트 S1 2건 S2 2건  |  권고 0건
상위 규칙: C-8×2, C-12×1, E-2×1
exit=1

$ git show 8f9afab:guidebook/konkuk.html | python3 /Users/gregory/unjang/_shared/style_gate/style_gate.py scan --gate-only -
-:1:0  [S2 C-12 게이트] 쉼표 포함 문장 비율 과다  ← '67% (32/48)'
    → 일부 문장의 쉼표를 마침표 분할·연결어미 흡수·삭제로. KatFish: 사람 26% vs AI 61%
-:285:70  [S1 C-8 게이트] 대구 공식 'A가 아니라 B'  ← '이 아니라'
    → 한 번만 살리고 나머지는 비대칭 평서문, 직접 단언으로. 전멸 금지
-:356:54  [S1 C-8 게이트] 대구 공식 'A가 아니라 B'  ← '가 아니라'
    → 한 번만 살리고 나머지는 비대칭 평서문, 직접 단언으로. 전멸 금지
-:376:0  [S2 E-2 게이트] 동일 종결어미 연속  ← "'니다' 류 9문장 연속"
    → '~다·~았다·~ㄴ다·~기 마련이다·명사형' 섞기. 상류 실측 '~한다' 편중 AI 1.8배

[deliverable/general] 등급 C  |  게이트 S1 2건 S2 2건  |  권고 0건
상위 규칙: C-8×2, C-12×1, E-2×1
exit=1

$ git show 8f9afab:guidebook/kookmin.html | python3 /Users/gregory/unjang/_shared/style_gate/style_gate.py scan --gate-only -
-:1:0  [S2 C-12 게이트] 쉼표 포함 문장 비율 과다  ← '69% (33/48)'
    → 일부 문장의 쉼표를 마침표 분할·연결어미 흡수·삭제로. KatFish: 사람 26% vs AI 61%
-:353:78  [S2 C-11 게이트] 연결어미 뒤 쉼표  ← '하고,'
    → 쉼표 제거. 6회 이상이면 강한 신호
-:355:68  [S2 C-11 게이트] 연결어미 뒤 쉼표  ← '하고,'
    → 쉼표 제거. 6회 이상이면 강한 신호
-:355:93  [S2 C-11 게이트] 연결어미 뒤 쉼표  ← '하며,'
    → 쉼표 제거. 6회 이상이면 강한 신호
-:356:83  [S2 C-11 게이트] 연결어미 뒤 쉼표  ← '하고,'
    → 쉼표 제거. 6회 이상이면 강한 신호
-:357:60  [S2 C-11 게이트] 연결어미 뒤 쉼표  ← '하며,'
    → 쉼표 제거. 6회 이상이면 강한 신호
-:359:80  [S2 C-11 게이트] 연결어미 뒤 쉼표  ← '하고,'
    → 쉼표 제거. 6회 이상이면 강한 신호
-:375:0  [S2 E-2 게이트] 동일 종결어미 연속  ← "'니다' 류 9문장 연속"
    → '~다·~았다·~ㄴ다·~기 마련이다·명사형' 섞기. 상류 실측 '~한다' 편중 AI 1.8배

[deliverable/general] 등급 C  |  게이트 S1 0건 S2 8건  |  권고 0건
상위 규칙: C-11×6, C-12×1, E-2×1
exit=1

$ git show 8f9afab:guidebook/kyonggi.html | python3 /Users/gregory/unjang/_shared/style_gate/style_gate.py scan --gate-only -
-:1:0  [S2 C-12 게이트] 쉼표 포함 문장 비율 과다  ← '69% (34/49)'
    → 일부 문장의 쉼표를 마침표 분할·연결어미 흡수·삭제로. KatFish: 사람 26% vs AI 61%
-:286:123  [S1 C-8 게이트] 대구 공식 'A가 아니라 B'  ← '이 아니라'
    → 한 번만 살리고 나머지는 비대칭 평서문, 직접 단언으로. 전멸 금지
-:356:57  [S1 C-8 게이트] 대구 공식 'A가 아니라 B'  ← '이 아니라'
    → 한 번만 살리고 나머지는 비대칭 평서문, 직접 단언으로. 전멸 금지
-:358:63  [S1 C-8 게이트] 대구 공식 'A가 아니라 B'  ← '이 아니라'
    → 한 번만 살리고 나머지는 비대칭 평서문, 직접 단언으로. 전멸 금지
-:379:0  [S2 E-2 게이트] 동일 종결어미 연속  ← "'니다' 류 9문장 연속"
    → '~다·~았다·~ㄴ다·~기 마련이다·명사형' 섞기. 상류 실측 '~한다' 편중 AI 1.8배

[deliverable/general] 등급 D  |  게이트 S1 3건 S2 2건  |  권고 0건
상위 규칙: C-8×3, C-12×1, E-2×1
exit=1

$ git show 8f9afab:guidebook/snu.html | python3 /Users/gregory/unjang/_shared/style_gate/style_gate.py scan --gate-only -
-:1:0  [S2 C-12 게이트] 쉼표 포함 문장 비율 과다  ← '63% (33/52)'
    → 일부 문장의 쉼표를 마침표 분할·연결어미 흡수·삭제로. KatFish: 사람 26% vs AI 61%
-:285:124  [S1 C-8 게이트] 대구 공식 'A가 아니라 B'  ← '이 아니라'
    → 한 번만 살리고 나머지는 비대칭 평서문, 직접 단언으로. 전멸 금지
-:359:53  [S1 C-8 게이트] 대구 공식 'A가 아니라 B'  ← '이 아니라'
    → 한 번만 살리고 나머지는 비대칭 평서문, 직접 단언으로. 전멸 금지
-:360:57  [S1 C-8 게이트] 대구 공식 'A가 아니라 B'  ← '이 아니라'
    → 한 번만 살리고 나머지는 비대칭 평서문, 직접 단언으로. 전멸 금지
-:378:0  [S2 E-2 게이트] 동일 종결어미 연속  ← "'니다' 류 9문장 연속"
    → '~다·~았다·~ㄴ다·~기 마련이다·명사형' 섞기. 상류 실측 '~한다' 편중 AI 1.8배

[deliverable/general] 등급 D  |  게이트 S1 3건 S2 2건  |  권고 0건
상위 규칙: C-8×3, C-12×1, E-2×1
exit=1

$ git show 8f9afab:programs/korea.html | python3 /Users/gregory/unjang/_shared/style_gate/style_gate.py scan --gate-only -
-:164:98  [S1 C-8 게이트] 대구 공식 'A가 아니라 B'  ← '이 아니라'
    → 한 번만 살리고 나머지는 비대칭 평서문, 직접 단언으로. 전멸 금지
-:186:30  [S1 C-8 게이트] 대구 공식 'A가 아니라 B'  ← '가 아니라'
    → 한 번만 살리고 나머지는 비대칭 평서문, 직접 단언으로. 전멸 금지
-:222:126687  [S1 C-8 게이트] 대구 공식 'A가 아니라 B'  ← '이 아니라'
    → 한 번만 살리고 나머지는 비대칭 평서문, 직접 단언으로. 전멸 금지
-:233:81  [S1 C-8 게이트] 대구 공식 'A가 아니라 B'  ← '인가 공적인가'
    → 한 번만 살리고 나머지는 비대칭 평서문, 직접 단언으로. 전멸 금지
-:235:72  [S1 C-8 게이트] 대구 공식 'A가 아니라 B'  ← '인가 공적인가'
    → 한 번만 살리고 나머지는 비대칭 평서문, 직접 단언으로. 전멸 금지
-:317:27  [S1 C-8 게이트] 대구 공식 'A가 아니라 B'  ← '이 아니라'
    → 한 번만 살리고 나머지는 비대칭 평서문, 직접 단언으로. 전멸 금지
-:371:0  [S2 E-2 게이트] 동일 종결어미 연속  ← "'니다' 류 8문장 연속"
    → '~다·~았다·~ㄴ다·~기 마련이다·명사형' 섞기. 상류 실측 '~한다' 편중 AI 1.8배
-:386:73  [S1 C-8 게이트] 대구 공식 'A가 아니라 B'  ← '이 아니라'
    → 한 번만 살리고 나머지는 비대칭 평서문, 직접 단언으로. 전멸 금지

[deliverable/general] 등급 D  |  게이트 S1 7건 S2 1건  |  권고 0건
상위 규칙: C-8×7, E-2×1
exit=1

$ git show 8f9afab:programs/yonsei.html | python3 /Users/gregory/unjang/_shared/style_gate/style_gate.py scan --gate-only -
-:65:70  [S2 C-11 게이트] 연결어미 뒤 쉼표  ← '하고,'
    → 쉼표 제거. 6회 이상이면 강한 신호
-:72:27  [S2 K-4 게이트] 사물 비유·물활  ← '읽어내'
    → 관찰 가능한 사실로 치환: 실제 일어난 일, 수치, 확인한 내용
-:72:47  [S2 C-11 게이트] 연결어미 뒤 쉼표  ← '하고,'
    → 쉼표 제거. 6회 이상이면 강한 신호
-:156:30  [S1 C-8 게이트] 대구 공식 'A가 아니라 B'  ← '가 아니라'
    → 한 번만 살리고 나머지는 비대칭 평서문, 직접 단언으로. 전멸 금지
-:191:25278  [S2 C-11 게이트] 연결어미 뒤 쉼표  ← '이며,'
    → 쉼표 제거. 6회 이상이면 강한 신호
-:192:156480  [S1 C-8 게이트] 대구 공식 'A가 아니라 B'  ← '이 아니라'
    → 한 번만 살리고 나머지는 비대칭 평서문, 직접 단언으로. 전멸 금지
-:204:126  [S2 C-11 게이트] 연결어미 뒤 쉼표  ← '하며,'
    → 쉼표 제거. 6회 이상이면 강한 신호
-:206:103  [S2 C-11 게이트] 연결어미 뒤 쉼표  ← '하고,'
    → 쉼표 제거. 6회 이상이면 강한 신호
-:224:95  [S1 C-8 게이트] 대구 공식 'A가 아니라 B'  ← '이 아니라'
    → 한 번만 살리고 나머지는 비대칭 평서문, 직접 단언으로. 전멸 금지
-:266:52  [S2 C-11 게이트] 연결어미 뒤 쉼표  ← '하고,'
    → 쉼표 제거. 6회 이상이면 강한 신호
-:287:27  [S1 C-8 게이트] 대구 공식 'A가 아니라 B'  ← '이 아니라'
    → 한 번만 살리고 나머지는 비대칭 평서문, 직접 단언으로. 전멸 금지
-:341:0  [S2 E-2 게이트] 동일 종결어미 연속  ← "'니다' 류 8문장 연속"
    → '~다·~았다·~ㄴ다·~기 마련이다·명사형' 섞기. 상류 실측 '~한다' 편중 AI 1.8배
-:356:73  [S1 C-8 게이트] 대구 공식 'A가 아니라 B'  ← '이 아니라'
    → 한 번만 살리고 나머지는 비대칭 평서문, 직접 단언으로. 전멸 금지

[deliverable/general] 등급 D  |  게이트 S1 5건 S2 8건  |  권고 0건
상위 규칙: C-11×6, C-8×5, K-4×1, E-2×1
exit=1

$ git show 8f9afab:terms.html | python3 /Users/gregory/unjang/_shared/style_gate/style_gate.py scan --gate-only -
-:1:0  [S2 C-12 게이트] 쉼표 포함 문장 비율 과다  ← '63% (26/41)'
    → 일부 문장의 쉼표를 마침표 분할·연결어미 흡수·삭제로. KatFish: 사람 26% vs AI 61%
-:134:39  [S2 C-11 게이트] 연결어미 뒤 쉼표  ← '이며,'
    → 쉼표 제거. 6회 이상이면 강한 신호
-:141:36  [S2 C-11 게이트] 연결어미 뒤 쉼표  ← '하며,'
    → 쉼표 제거. 6회 이상이면 강한 신호
-:157:0  [S2 E-2 게이트] 동일 종결어미 연속  ← "'니다' 류 7문장 연속"
    → '~다·~았다·~ㄴ다·~기 마련이다·명사형' 섞기. 상류 실측 '~한다' 편중 AI 1.8배
-:163:52  [S2 C-11 게이트] 연결어미 뒤 쉼표  ← '하며,'
    → 쉼표 제거. 6회 이상이면 강한 신호
-:166:25  [S2 C-11 게이트] 연결어미 뒤 쉼표  ← '이며,'
    → 쉼표 제거. 6회 이상이면 강한 신호
-:177:39  [S2 C-11 게이트] 연결어미 뒤 쉼표  ← '하며,'
    → 쉼표 제거. 6회 이상이면 강한 신호
-:178:53  [S2 C-11 게이트] 연결어미 뒤 쉼표  ← '하고,'
    → 쉼표 제거. 6회 이상이면 강한 신호
-:218:43  [S2 C-11 게이트] 연결어미 뒤 쉼표  ← '하며,'
    → 쉼표 제거. 6회 이상이면 강한 신호

[deliverable/general] 등급 C  |  게이트 S1 0건 S2 9건  |  권고 0건
상위 규칙: C-11×7, C-12×1, E-2×1
exit=1

$ git show 8f9afab:programs/yonsei.html | python3 /Users/gregory/unjang/_shared/style_gate/style_gate.py scan --gate-only -
-:65:70  [S2 C-11 게이트] 연결어미 뒤 쉼표  ← '하고,'
    → 쉼표 제거. 6회 이상이면 강한 신호
-:72:27  [S2 K-4 게이트] 사물 비유·물활  ← '읽어내'
    → 관찰 가능한 사실로 치환: 실제 일어난 일, 수치, 확인한 내용
-:72:47  [S2 C-11 게이트] 연결어미 뒤 쉼표  ← '하고,'
    → 쉼표 제거. 6회 이상이면 강한 신호
-:156:30  [S1 C-8 게이트] 대구 공식 'A가 아니라 B'  ← '가 아니라'
    → 한 번만 살리고 나머지는 비대칭 평서문, 직접 단언으로. 전멸 금지
-:191:25278  [S2 C-11 게이트] 연결어미 뒤 쉼표  ← '이며,'
    → 쉼표 제거. 6회 이상이면 강한 신호
-:192:156480  [S1 C-8 게이트] 대구 공식 'A가 아니라 B'  ← '이 아니라'
    → 한 번만 살리고 나머지는 비대칭 평서문, 직접 단언으로. 전멸 금지
-:204:126  [S2 C-11 게이트] 연결어미 뒤 쉼표  ← '하며,'
    → 쉼표 제거. 6회 이상이면 강한 신호
-:206:103  [S2 C-11 게이트] 연결어미 뒤 쉼표  ← '하고,'
    → 쉼표 제거. 6회 이상이면 강한 신호
-:224:95  [S1 C-8 게이트] 대구 공식 'A가 아니라 B'  ← '이 아니라'
    → 한 번만 살리고 나머지는 비대칭 평서문, 직접 단언으로. 전멸 금지
-:266:52  [S2 C-11 게이트] 연결어미 뒤 쉼표  ← '하고,'
    → 쉼표 제거. 6회 이상이면 강한 신호
-:287:27  [S1 C-8 게이트] 대구 공식 'A가 아니라 B'  ← '이 아니라'
    → 한 번만 살리고 나머지는 비대칭 평서문, 직접 단언으로. 전멸 금지
-:341:0  [S2 E-2 게이트] 동일 종결어미 연속  ← "'니다' 류 8문장 연속"
    → '~다·~았다·~ㄴ다·~기 마련이다·명사형' 섞기. 상류 실측 '~한다' 편중 AI 1.8배
-:356:73  [S1 C-8 게이트] 대구 공식 'A가 아니라 B'  ← '이 아니라'
    → 한 번만 살리고 나머지는 비대칭 평서문, 직접 단언으로. 전멸 금지

[deliverable/general] 등급 D  |  게이트 S1 5건 S2 8건  |  권고 0건
상위 규칙: C-11×6, C-8×5, K-4×1, E-2×1
exit=1

$ git show 8f9afab:programs/korea.html | python3 /Users/gregory/unjang/_shared/style_gate/style_gate.py scan --gate-only -
-:164:98  [S1 C-8 게이트] 대구 공식 'A가 아니라 B'  ← '이 아니라'
    → 한 번만 살리고 나머지는 비대칭 평서문, 직접 단언으로. 전멸 금지
-:186:30  [S1 C-8 게이트] 대구 공식 'A가 아니라 B'  ← '가 아니라'
    → 한 번만 살리고 나머지는 비대칭 평서문, 직접 단언으로. 전멸 금지
-:222:126687  [S1 C-8 게이트] 대구 공식 'A가 아니라 B'  ← '이 아니라'
    → 한 번만 살리고 나머지는 비대칭 평서문, 직접 단언으로. 전멸 금지
-:233:81  [S1 C-8 게이트] 대구 공식 'A가 아니라 B'  ← '인가 공적인가'
    → 한 번만 살리고 나머지는 비대칭 평서문, 직접 단언으로. 전멸 금지
-:235:72  [S1 C-8 게이트] 대구 공식 'A가 아니라 B'  ← '인가 공적인가'
    → 한 번만 살리고 나머지는 비대칭 평서문, 직접 단언으로. 전멸 금지
-:317:27  [S1 C-8 게이트] 대구 공식 'A가 아니라 B'  ← '이 아니라'
    → 한 번만 살리고 나머지는 비대칭 평서문, 직접 단언으로. 전멸 금지
-:371:0  [S2 E-2 게이트] 동일 종결어미 연속  ← "'니다' 류 8문장 연속"
    → '~다·~았다·~ㄴ다·~기 마련이다·명사형' 섞기. 상류 실측 '~한다' 편중 AI 1.8배
-:386:73  [S1 C-8 게이트] 대구 공식 'A가 아니라 B'  ← '이 아니라'
    → 한 번만 살리고 나머지는 비대칭 평서문, 직접 단언으로. 전멸 금지

[deliverable/general] 등급 D  |  게이트 S1 7건 S2 1건  |  권고 0건
상위 규칙: C-8×7, E-2×1
exit=1
