21:17:47 SUBMIT start balance='alongtheblue@gmail.com — ultra plan, 2808.4 credits' cost_total=304
21:17:48 submitted hero_still_a ids=['2f3242a5-3ed7-4e83-a670-d3288088096c'] rc=0
21:17:49 submitted hero_still_b ids=['deafc912-ab98-4161-9c96-64f51a6f7d85'] rc=0
21:17:50 submitted hero_still_c ids=['ae11b0fc-250f-4f01-9bca-7e52e477b1a9'] rc=0
21:17:50 submitted bg_studio ids=['a7c7ac30-bee1-43a8-81df-c086ea3c4336'] rc=0
21:17:51 submitted bg_guidebook ids=['c3f21f97-68a8-4ac0-9462-631d8c0dc8f8'] rc=0
21:17:52 submitted og_plate ids=['e4c9075d-d87a-4fd5-8d1e-c00612905f0d'] rc=0
21:17:53 submitted hero_loop_16x9 ids=['37e8f317-ec2d-401e-8e4f-130be0ca7d26'] rc=0
21:17:54 submitted reels_9x16 ids=['654ef2b5-4892-4108-8794-d21ea3028a67'] rc=0
21:17:55 submitted square_1x1 ids=['dd95c0a1-92b0-4a54-8132-ab69bbd1ee4c'] rc=0
21:17:58 poll: 9 pending ['hero_still_a', 'hero_still_b', 'hero_still_c', 'bg_studio', 'bg_guidebook', 'og_plate', 'hero_loop_16x9', 'reels_9x16', 'square_1x1']
21:18:22 poll: 9 pending ['hero_still_a', 'hero_still_b', 'hero_still_c', 'bg_studio', 'bg_guidebook', 'og_plate', 'hero_loop_16x9', 'reels_9x16', 'square_1x1']
21:18:46 poll: 9 pending ['hero_still_a', 'hero_still_b', 'hero_still_c', 'bg_studio', 'bg_guidebook', 'og_plate', 'hero_loop_16x9', 'reels_9x16', 'square_1x1']
21:19:14 DONE bg_guidebook 26.30MB -> /Users/gregory/Workspace/hyunhak-site/design/_gen/bg_guidebook_aigen.png
21:19:16 poll: 8 pending ['hero_still_a', 'hero_still_b', 'hero_still_c', 'bg_studio', 'og_plate', 'hero_loop_16x9', 'reels_9x16', 'square_1x1']
21:19:39 DONE hero_still_a 9.89MB -> /Users/gregory/Workspace/hyunhak-site/design/_gen/hero_still_a_aigen.png
21:19:43 DONE hero_still_b 8.52MB -> /Users/gregory/Workspace/hyunhak-site/design/_gen/hero_still_b_aigen.png
21:19:46 DONE hero_still_c 8.93MB -> /Users/gregory/Workspace/hyunhak-site/design/_gen/hero_still_c_aigen.png
21:19:51 DONE bg_studio 26.58MB -> /Users/gregory/Workspace/hyunhak-site/design/_gen/bg_studio_aigen.png
21:19:53 DONE og_plate 8.04MB -> /Users/gregory/Workspace/hyunhak-site/design/_gen/og_plate_aigen.png
21:19:54 poll: 3 pending ['hero_loop_16x9', 'reels_9x16', 'square_1x1']
21:20:16 poll: 3 pending ['hero_loop_16x9', 'reels_9x16', 'square_1x1']
21:20:37 poll: 3 pending ['hero_loop_16x9', 'reels_9x16', 'square_1x1']
21:20:58 poll: 3 pending ['hero_loop_16x9', 'reels_9x16', 'square_1x1']
21:21:20 poll: 3 pending ['hero_loop_16x9', 'reels_9x16', 'square_1x1']
21:21:41 poll: 3 pending ['hero_loop_16x9', 'reels_9x16', 'square_1x1']
21:22:03 poll: 3 pending ['hero_loop_16x9', 'reels_9x16', 'square_1x1']
21:22:24 poll: 3 pending ['hero_loop_16x9', 'reels_9x16', 'square_1x1']
21:22:45 poll: 3 pending ['hero_loop_16x9', 'reels_9x16', 'square_1x1']
21:23:06 poll: 3 pending ['hero_loop_16x9', 'reels_9x16', 'square_1x1']
21:23:28 poll: 3 pending ['hero_loop_16x9', 'reels_9x16', 'square_1x1']
21:23:53 DONE square_1x1 17.39MB -> /Users/gregory/Workspace/hyunhak-site/design/_gen/square_1x1_aigen.mp4
21:23:53 poll: 2 pending ['hero_loop_16x9', 'reels_9x16']
21:24:18 DONE hero_loop_16x9 26.21MB -> /Users/gregory/Workspace/hyunhak-site/design/_gen/hero_loop_16x9_aigen.mp4
21:24:18 poll: 1 pending ['reels_9x16']
21:24:38 poll: 1 pending ['reels_9x16']
21:25:07 DONE reels_9x16 62.70MB -> /Users/gregory/Workspace/hyunhak-site/design/_gen/reels_9x16_aigen.mp4
21:25:07 END downloaded 9/9
21:25:08 balance after='alongtheblue@gmail.com — ultra plan, 2504.4 credits'
