meta {"head":"e944d90","pre":"96be167","at":"2026-09-23T08:33:27.147Z","served":{"assets/app.js":{"served":"e57e42611f9e87aa","head":"e57e42611f9e87aa","pre":"332ffe29281a179d","sameHead":true},"assets/base.css":{"served":"97e550d7da150959","head":"97e550d7da150959","pre":"3aa349c81ec7cc74","sameHead":true}}}
motion post|601x800|N3S {"frames":183,"maxBarOv":440,"maxActOv":136130,"barMove":0,"worst":{"kind":"bar","i":"0","d":"-1","op":1,"l":81,"r":521,"b":570,"barT":569}}
motion post|601x800|N4 {"frames":183,"maxBarOv":440,"maxActOv":136130,"barMove":0,"worst":{"kind":"bar","i":"0","d":"-1","op":1,"l":81,"r":521,"b":660,"barT":659}}
motion post|601x800|N6 {"frames":183,"maxBarOv":440,"maxActOv":0,"barMove":0,"worst":{"kind":"bar","i":"0","d":"-1","op":1,"l":81,"r":521,"b":660,"barT":659}}
motion post|844x390|N3S {"frames":183,"maxBarOv":440,"maxActOv":100076,"barMove":0,"worst":{"kind":"bar","i":"0","d":"-1","op":1,"l":202,"r":642,"b":307,"barT":306}}
motion post|844x390|N4 {"frames":183,"maxBarOv":440,"maxActOv":100076,"barMove":0,"worst":{"kind":"bar","i":"0","d":"-1","op":1,"l":202,"r":642,"b":307,"barT":306}}
motion post|844x390|N6 {"frames":183,"maxBarOv":440,"maxActOv":0,"barMove":0,"worst":{"kind":"bar","i":"0","d":"-1","op":1,"l":202,"r":642,"b":307,"barT":306}}
motion post|768x1024|N3S {"frames":183,"maxBarOv":440,"maxActOv":136130,"barMove":0,"worst":{"kind":"bar","i":"0","d":"-1","op":1,"l":164,"r":604,"b":682,"barT":681}}
motion post|768x1024|N4 {"frames":183,"maxBarOv":440,"maxActOv":136130,"barMove":0,"worst":{"kind":"bar","i":"0","d":"-1","op":1,"l":164,"r":604,"b":786,"barT":785}}
motion post|768x1024|N6 {"frames":183,"maxBarOv":440,"maxActOv":0,"barMove":0,"worst":{"kind":"bar","i":"0","d":"-1","op":1,"l":164,"r":604,"b":786,"barT":785}}
motion post|1024x600|N3S {"frames":184,"maxBarOv":440,"maxActOv":151461,"barMove":0,"worst":{"kind":"bar","i":"0","d":"-1","op":1,"l":292,"r":732,"b":488,"barT":487}}
motion post|1024x600|N4 {"frames":183,"maxBarOv":440,"maxActOv":151461,"barMove":0,"worst":{"kind":"bar","i":"0","d":"-1","op":1,"l":292,"r":732,"b":488,"barT":487}}
motion post|1024x600|N6 {"frames":184,"maxBarOv":440,"maxActOv":0,"barMove":0,"worst":{"kind":"bar","i":"0","d":"-1","op":1,"l":292,"r":732,"b":488,"barT":487}}
motion post|1440x900|N3S {"frames":184,"maxBarOv":440,"maxActOv":153282,"barMove":0,"worst":{"kind":"bar","i":"0","d":"-1","op":1,"l":500,"r":940,"b":644,"barT":643}}
motion post|1440x900|N4 {"frames":184,"maxBarOv":440,"maxActOv":153282,"barMove":0,"worst":{"kind":"bar","i":"0","d":"-1","op":1,"l":500,"r":940,"b":746,"barT":745}}
motion post|1440x900|N6 {"frames":183,"maxBarOv":440,"maxActOv":0,"barMove":0,"worst":{"kind":"bar","i":"0","d":"-1","op":1,"l":500,"r":940,"b":746,"barT":745}}
motion post|2560x1440|N3S {"frames":183,"maxBarOv":440,"maxActOv":153282,"barMove":0,"worst":{"kind":"bar","i":"0","d":"-1","op":1,"l":1060,"r":1500,"b":914,"barT":913}}
motion post|2560x1440|N4 {"frames":183,"maxBarOv":440,"maxActOv":153282,"barMove":0,"worst":{"kind":"bar","i":"0","d":"-1","op":1,"l":1060,"r":1500,"b":1024,"barT":1023}}
motion post|2560x1440|N6 {"frames":184,"maxBarOv":440,"maxActOv":0,"barMove":0,"worst":{"kind":"bar","i":"0","d":"-1","op":1,"l":1060,"r":1500,"b":1024,"barT":1023}}
motion pre|601x800|N3S {"frames":183,"maxBarOv":22206,"maxActOv":132908,"barMove":486,"worst":{"kind":"bar","i":"0","op":1,"l":258,"r":654,"b":572,"barT":445}}
motion pre|601x800|N4 {"frames":183,"maxBarOv":22375,"maxActOv":133193,"barMove":486,"worst":{"kind":"bar","i":"0","op":1,"l":207,"r":603,"b":572,"barT":445}}
motion pre|601x800|N6 {"frames":183,"maxBarOv":22205,"maxActOv":66328,"barMove":486,"worst":{"kind":"bar","i":"0","op":1,"l":260,"r":656,"b":572,"barT":456}}
motion pre|844x390|N3S {"frames":183,"maxBarOv":22207,"maxActOv":92695,"barMove":486,"worst":{"kind":"bar","i":"0","op":1,"l":380,"r":776,"b":321,"barT":241}}
motion pre|844x390|N4 {"frames":183,"maxBarOv":22375,"maxActOv":93013,"barMove":486,"worst":{"kind":"bar","i":"0","op":1,"l":329,"r":725,"b":321,"barT":241}}
motion pre|844x390|N6 {"frames":183,"maxBarOv":22204,"maxActOv":67239,"barMove":486,"worst":{"kind":"bar","i":"1","op":1,"l":380,"r":776,"b":321,"barT":241}}
motion pre|768x1024|N3S {"frames":183,"maxBarOv":22207,"maxActOv":132908,"barMove":486,"worst":{"kind":"bar","i":"0","op":1,"l":342,"r":738,"b":684,"barT":557}}
motion pre|768x1024|N4 {"frames":184,"maxBarOv":22375,"maxActOv":133195,"barMove":486,"worst":{"kind":"bar","i":"0","op":1,"l":291,"r":687,"b":684,"barT":557}}
motion pre|768x1024|N6 {"frames":184,"maxBarOv":22204,"maxActOv":66324,"barMove":486,"worst":{"kind":"bar","i":"0","op":1,"l":342,"r":738,"b":684,"barT":568}}
motion pre|1024x600|N3S {"frames":183,"maxBarOv":22208,"maxActOv":147390,"barMove":486,"worst":{"kind":"bar","i":"0","op":1,"l":470,"r":866,"b":491,"barT":349}}
motion pre|1024x600|N4 {"frames":184,"maxBarOv":22376,"maxActOv":147646,"barMove":486,"worst":{"kind":"bar","i":"2","op":1,"l":209,"r":605,"b":494,"barT":349}}
motion pre|1024x600|N6 {"frames":183,"maxBarOv":22204,"maxActOv":69548,"barMove":486,"worst":{"kind":"bar","i":"0","op":1,"l":470,"r":866,"b":491,"barT":360}}
motion pre|1440x900|N3S {"frames":183,"maxBarOv":22207,"maxActOv":150700,"barMove":486,"worst":{"kind":"bar","i":"0","op":1,"l":678,"r":1074,"b":644,"barT":500}}
motion pre|1440x900|N4 {"frames":183,"maxBarOv":22375,"maxActOv":151051,"barMove":486,"worst":{"kind":"bar","i":"2","op":1,"l":417,"r":813,"b":742,"barT":501}}
motion pre|1440x900|N6 {"frames":183,"maxBarOv":22205,"maxActOv":70607,"barMove":486,"worst":{"kind":"bar","i":"1","op":1,"l":680,"r":1076,"b":650,"barT":500}}
motion pre|2560x1440|N3S {"frames":183,"maxBarOv":22206,"maxActOv":150700,"barMove":486,"worst":{"kind":"bar","i":"0","op":1,"l":1238,"r":1634,"b":914,"barT":770}}
motion pre|2560x1440|N4 {"frames":183,"maxBarOv":22375,"maxActOv":151051,"barMove":486,"worst":{"kind":"bar","i":"0","op":1,"l":1187,"r":1583,"b":914,"barT":771}}
motion pre|2560x1440|N6 {"frames":183,"maxBarOv":22205,"maxActOv":70607,"barMove":486,"worst":{"kind":"bar","i":"1","op":1,"l":1240,"r":1636,"b":920,"barT":770}}
part motion 188.7s
wrote /Users/gregory/Workspace/_wt/hh-studio12/_design/site_audit_20260923/r7/refute_layout.json
meta {"head":"e944d90","pre":"96be167","at":"2026-09-23T08:37:17.822Z","served":{"assets/app.js":{"served":"e57e42611f9e87aa","head":"e57e42611f9e87aa","pre":"332ffe29281a179d","sameHead":true},"assets/base.css":{"served":"97e550d7da150959","head":"97e550d7da150959","pre":"3aa349c81ec7cc74","sameHead":true}}}
motion2 post|1440x900|N3S|gap600 [["R",2,"0,1,-1>-1,0,1",52390,"12/38",[0,2,1,986,1382,"none"]],["R",3,"-1,0,1>1,-1,0",46421,"10/37",[16,0,1,986,1382,"none"]],["R",1,"1,-1,0>0,1,-1",135060,"10/37",[16,1,1,986,1382,"none"]],["R",2,"0,1,-1>-1,0,1",46715,"10/37",[15,2,1,986,1382,"none"]],["R",3,"-1,0,1>1,-1,0",46391,"10/37",[16,0,1,986,1382,"none"]],["L",2,"1,-1,0>-1,0,1",134383,"10/36",[17,0,1,58,454,"none"]],["L",1,"-1,0,1>0,1,-1",46919,"10/37",[15,2,1,58,454,"none"]]]
motion2 post|1440x900|N3S|gap420 [["R",2,"0,1,-1>-1,0,1",52390,"12/27",[0,2,1,986,1382,"none"]],["R",3,"-1,0,1>1,-1,0",52672,"11/26",[16,0,1,986,1382,"none"]],["R",1,"1,-1,0>0,1,-1",153282,"11/26",[15,1,1,986,1382,"none"]],["R",2,"0,1,-1>-1,0,1",52390,"11/26",[15,2,1,986,1382,"none"]],["R",3,"-1,0,1>1,-1,0",52672,"11/26",[16,0,1,986,1382,"none"]],["L",2,"1,-1,0>-1,0,1",134056,"10/26",[16,0,1,58,454,"none"]],["L",1,"-1,0,1>0,1,-1",52672,"11/26",[16,2,1,58,454,"none"]]]
motion2 post|1440x900|N4|gap600 [["R",2,"0,1,2,-1>-1,0,1,2",0,"0/38",null],["R",3,"-1,0,1,2>-2,-1,0,1",0,"0/37",null],["R",4,"-2,-1,0,1>1,-2,-1,0",46420,"10/37",[15,0,1,986,1382,"none"]],["R",1,"1,-2,-1,0>0,1,2,-1",134937,"10/37",[16,1,1,986,1382,"none"]],["R",2,"0,1,2,-1>-1,0,1,2",0,"0/37",null],["L",1,"-1,0,1,2>0,1,2,-1",46911,"10/37",[16,3,1,58,454,"none"]],["L",4,"0,1,2,-1>1,-2,-1,0",42683,"10/37",[15,2,1,58,454,"none"]]]
motion2 post|1440x900|N4|gap420 [["R",2,"0,1,2,-1>-1,0,1,2",0,"0/27",null],["R",3,"-1,0,1,2>-2,-1,0,1",0,"0/26",null],["R",4,"-2,-1,0,1>1,-2,-1,0",46598,"10/26",[16,0,1,986,1382,"none"]],["R",1,"1,-2,-1,0>0,1,2,-1",153282,"11/26",[16,1,1,986,1382,"none"]],["R",2,"0,1,2,-1>-1,0,1,2",0,"0/26",null],["L",1,"-1,0,1,2>0,1,2,-1",46867,"10/26",[15,3,1,58,454,"none"]],["L",4,"0,1,2,-1>1,-2,-1,0",48373,"11/26",[17,2,1,58,454,"none"]]]
motion2 post|1440x900|N6|gap600 [["R",2,"0,1,2,3,-2,-1>-1,0,1,2,3,-2",0,"0/38",null],["R",3,"-1,0,1,2,3,-2>-2,-1,0,1,2,3",0,"0/37",null],["R",4,"-2,-1,0,1,2,3>-3,-2,-1,0,1,2",0,"0/37",null],["R",5,"-3,-2,-1,0,1,2>2,-3,-2,-1,0,1",0,"0/37",null],["R",6,"2,-3,-2,-1,0,1>1,2,-3,-2,-1,0",0,"0/37",null],["L",5,"1,2,-3,-2,-1,0>2,-3,-2,-1,0,1",0,"0/37",null],["L",4,"2,-3,-2,-1,0,1>-3,-2,-1,0,1,2",0,"0/37",null]]
motion2 post|1440x900|N6|gap420 [["R",2,"0,1,2,3,-2,-1>-1,0,1,2,3,-2",0,"0/27",null],["R",3,"-1,0,1,2,3,-2>-2,-1,0,1,2,3",0,"0/26",null],["R",4,"-2,-1,0,1,2,3>-3,-2,-1,0,1,2",0,"0/26",null],["R",5,"-3,-2,-1,0,1,2>2,-3,-2,-1,0,1",0,"0/26",null],["R",6,"2,-3,-2,-1,0,1>1,2,-3,-2,-1,0",0,"0/26",null],["L",5,"1,2,-3,-2,-1,0>2,-3,-2,-1,0,1",0,"0/26",null],["L",4,"2,-3,-2,-1,0,1>-3,-2,-1,0,1,2",0,"0/26",null]]
motion2 post|601x800|N3S|gap600 [["R",2,"0,1,-1>-1,0,1",49134,"11/38",[0,2,1,567,963,"none"]],["R",3,"-1,0,1>1,-1,0",43531,"10/37",[16,0,1,567,963,"none"]],["R",1,"1,-1,0>0,1,-1",119895,"10/37",[16,1,1,567,963,"none"]],["R",2,"0,1,-1>-1,0,1",43790,"10/37",[16,2,1,567,963,"none"]],["R",3,"-1,0,1>1,-1,0",43541,"10/36",[16,0,1,567,963,"none"]],["L",2,"1,-1,0>-1,0,1",119467,"10/37",[15,0,1,-361,35,"none"]],["L",1,"-1,0,1>0,1,-1",43995,"10/37",[16,2,1,-361,35,"none"]]]
motion2 post|601x800|N3S|gap420 [["R",2,"0,1,-1>-1,0,1",49134,"11/27",[0,2,1,567,963,"none"]],["R",3,"-1,0,1>1,-1,0",49416,"11/26",[15,0,1,567,963,"none"]],["R",1,"1,-1,0>0,1,-1",136130,"11/26",[16,1,1,567,963,"none"]],["R",2,"0,1,-1>-1,0,1",49134,"11/26",[16,2,1,567,963,"none"]],["R",3,"-1,0,1>1,-1,0",49416,"11/26",[17,0,1,567,963,"none"]],["L",2,"1,-1,0>-1,0,1",119195,"10/26",[15,0,1,-361,35,"none"]],["L",1,"-1,0,1>0,1,-1",49416,"11/26",[16,2,1,-361,35,"none"]]]
motion2 post|601x800|N4|gap600 [["R",2,"0,1,2,-1>-1,0,1,2",0,"0/38",null],["R",3,"-1,0,1,2>-2,-1,0,1",0,"0/37",null],["R",4,"-2,-1,0,1>1,-2,-1,0",43576,"10/37",[16,0,1,567,963,"none"]],["R",1,"1,-2,-1,0>0,1,2,-1",119914,"10/37",[16,1,1,567,963,"none"]],["R",2,"0,1,2,-1>-1,0,1,2",0,"0/37",null],["L",1,"-1,0,1,2>0,1,2,-1",43995,"10/37",[17,3,1,-361,35,"none"]],["L",4,"0,1,2,-1>1,-2,-1,0",40213,"10/37",[16,2,1,-361,35,"none"]]]
motion2 post|601x800|N4|gap420 [["R",2,"0,1,2,-1>-1,0,1,2",0,"0/27",null],["R",3,"-1,0,1,2>-2,-1,0,1",0,"0/26",null],["R",4,"-2,-1,0,1>1,-2,-1,0",43754,"10/26",[15,0,1,567,963,"none"]],["R",1,"1,-2,-1,0>0,1,2,-1",136130,"11/26",[16,1,1,567,963,"none"]],["R",2,"0,1,2,-1>-1,0,1,2",0,"0/26",null],["L",1,"-1,0,1,2>0,1,2,-1",43892,"10/26",[16,3,1,-361,35,"none"]],["L",4,"0,1,2,-1>1,-2,-1,0",45589,"11/26",[17,2,1,-361,35,"none"]]]
motion2 post|601x800|N6|gap600 [["R",2,"0,1,2,3,-2,-1>-1,0,1,2,3,-2",0,"0/38",null],["R",3,"-1,0,1,2,3,-2>-2,-1,0,1,2,3",0,"0/37",null],["R",4,"-2,-1,0,1,2,3>-3,-2,-1,0,1,2",0,"0/37",null],["R",5,"-3,-2,-1,0,1,2>2,-3,-2,-1,0,1",0,"0/37",null],["R",6,"2,-3,-2,-1,0,1>1,2,-3,-2,-1,0",0,"0/37",null],["L",5,"1,2,-3,-2,-1,0>2,-3,-2,-1,0,1",0,"0/37",null],["L",4,"2,-3,-2,-1,0,1>-3,-2,-1,0,1,2",0,"0/37",null]]
motion2 post|601x800|N6|gap420 [["R",2,"0,1,2,3,-2,-1>-1,0,1,2,3,-2",0,"0/27",null],["R",3,"-1,0,1,2,3,-2>-2,-1,0,1,2,3",0,"0/26",null],["R",4,"-2,-1,0,1,2,3>-3,-2,-1,0,1,2",0,"0/26",null],["R",5,"-3,-2,-1,0,1,2>2,-3,-2,-1,0,1",0,"0/26",null],["R",6,"2,-3,-2,-1,0,1>1,2,-3,-2,-1,0",0,"0/26",null],["L",5,"1,2,-3,-2,-1,0>2,-3,-2,-1,0,1",0,"0/26",null],["L",4,"2,-3,-2,-1,0,1>-3,-2,-1,0,1,2",0,"0/26",null]]
motion2 post|844x390|N3S|gap600 [["R",2,"0,1,-1>-1,0,1",52334,"11/38",[0,2,1,688,1084,"none"]],["R",3,"-1,0,1>1,-1,0",46134,"10/37",[16,0,1,688,1084,"none"]],["R",1,"1,-1,0>0,1,-1",87606,"10/36",[17,1,1,688,1084,"none"]],["R",2,"0,1,-1>-1,0,1",46347,"10/37",[15,2,1,688,1084,"none"]],["R",3,"-1,0,1>1,-1,0",46118,"10/37",[16,0,1,688,1084,"none"]],["L",2,"1,-1,0>-1,0,1",87573,"10/36",[16,0,1,-240,156,"none"]],["L",1,"-1,0,1>0,1,-1",46370,"10/37",[16,2,1,-240,156,"none"]]]
motion2 post|844x390|N3S|gap420 [["R",2,"0,1,-1>-1,0,1",52334,"11/27",[0,2,1,688,1084,"none"]],["R",3,"-1,0,1>1,-1,0",52334,"11/26",[16,0,1,688,1084,"none"]],["R",1,"1,-1,0>0,1,-1",100076,"11/26",[15,1,1,688,1084,"none"]],["R",2,"0,1,-1>-1,0,1",52334,"11/26",[15,2,1,688,1084,"none"]],["R",3,"-1,0,1>1,-1,0",52334,"11/26",[16,0,1,688,1084,"none"]],["L",2,"1,-1,0>-1,0,1",87363,"10/26",[16,0,1,-240,156,"none"]],["L",1,"-1,0,1>0,1,-1",52334,"11/26",[15,2,1,-240,156,"none"]]]
motion2 post|844x390|N4|gap600 [["R",2,"0,1,2,-1>-1,0,1,2",0,"0/38",null],["R",3,"-1,0,1,2>-2,-1,0,1",0,"0/37",null],["R",4,"-2,-1,0,1>1,-2,-1,0",46124,"10/37",[16,0,1,688,1084,"none"]],["R",1,"1,-2,-1,0>0,1,2,-1",87586,"10/37",[16,1,1,688,1084,"none"]],["R",2,"0,1,2,-1>-1,0,1,2",0,"0/37",null],["L",1,"-1,0,1,2>0,1,2,-1",46379,"10/37",[16,3,1,-240,156,"none"]],["L",4,"0,1,2,-1>1,-2,-1,0",46111,"10/37",[16,2,1,-240,156,"none"]]]
motion2 post|844x390|N4|gap420 [["R",2,"0,1,2,-1>-1,0,1,2",0,"0/27",null],["R",3,"-1,0,1,2>-2,-1,0,1",0,"0/26",null],["R",4,"-2,-1,0,1>1,-2,-1,0",46284,"10/26",[16,0,1,688,1084,"none"]],["R",1,"1,-2,-1,0>0,1,2,-1",100076,"11/26",[16,1,1,688,1084,"none"]],["R",2,"0,1,2,-1>-1,0,1,2",0,"0/26",null],["L",1,"-1,0,1,2>0,1,2,-1",46238,"10/26",[16,3,1,-240,156,"none"]],["L",4,"0,1,2,-1>1,-2,-1,0",52334,"11/26",[16,2,1,-240,156,"none"]]]
motion2 post|844x390|N6|gap600 [["R",2,"0,1,2,3,-2,-1>-1,0,1,2,3,-2",0,"0/38",null],["R",3,"-1,0,1,2,3,-2>-2,-1,0,1,2,3",0,"0/37",null],["R",4,"-2,-1,0,1,2,3>-3,-2,-1,0,1,2",0,"0/37",null],["R",5,"-3,-2,-1,0,1,2>2,-3,-2,-1,0,1",0,"0/37",null],["R",6,"2,-3,-2,-1,0,1>1,2,-3,-2,-1,0",0,"0/36",null],["L",5,"1,2,-3,-2,-1,0>2,-3,-2,-1,0,1",0,"0/37",null],["L",4,"2,-3,-2,-1,0,1>-3,-2,-1,0,1,2",0,"0/37",null]]
motion2 post|844x390|N6|gap420 [["R",2,"0,1,2,3,-2,-1>-1,0,1,2,3,-2",0,"0/28",null],["R",3,"-1,0,1,2,3,-2>-2,-1,0,1,2,3",0,"0/26",null],["R",4,"-2,-1,0,1,2,3>-3,-2,-1,0,1,2",0,"0/26",null],["R",5,"-3,-2,-1,0,1,2>2,-3,-2,-1,0,1",0,"0/26",null],["R",6,"2,-3,-2,-1,0,1>1,2,-3,-2,-1,0",0,"0/26",null],["L",5,"1,2,-3,-2,-1,0>2,-3,-2,-1,0,1",0,"0/26",null],["L",4,"2,-3,-2,-1,0,1>-3,-2,-1,0,1,2",0,"0/26",null]]
motion2 pre|1440x900|N3S|gap600 [["R",2,"0,1,-1>-1,0,1",57982,"14/38",[75,2,1,677,1073,""]],["R",3,"-1,0,1>1,-1,0",61898,"14/37",[82,0,1,677,1073,""]],["R",1,"1,-1,0>0,1,-1",150505,"14/37",[83,1,1,677,1073,""]],["R",2,"0,1,-1>-1,0,1",57982,"14/37",[84,2,1,677,1073,""]],["R",3,"-1,0,1>1,-1,0",61900,"14/37",[82,0,1,678,1074,""]],["L",2,"1,-1,0>-1,0,1",150692,"14/37",[82,0,1,367,763,""]],["L",1,"-1,0,1>0,1,-1",57982,"14/37",[83,2,1,366,762,""]]]
motion2 pre|1440x900|N3S|gap420 [["R",2,"0,1,-1>-1,0,1",57982,"14/27",[81,2,1,677,1073,""]],["R",3,"-1,0,1>1,-1,0",61906,"14/26",[83,0,1,678,1074,""]],["R",1,"1,-1,0>0,1,-1",150521,"14/26",[83,1,1,678,1074,""]],["R",2,"0,1,-1>-1,0,1",57991,"14/26",[82,2,1,678,1074,""]],["R",3,"-1,0,1>1,-1,0",61903,"14/26",[82,0,1,678,1074,""]],["L",2,"1,-1,0>-1,0,1",150696,"14/26",[83,0,1,366,762,""]],["L",1,"-1,0,1>0,1,-1",57991,"14/26",[82,2,1,367,763,""]]]
motion2 pre|1440x900|N4|gap600 [["R",2,"0,1,1,-1>-1,0,1,1",44747,"3/38",[68,3,1,831,1227,""]],["R",3,"-1,0,1,1>-1,-1,0,1",0,"0/37",null],["R",4,"-1,-1,0,1>1,-1,-1,0",62373,"15/37",[99,0,1,626,1022,""]],["R",1,"1,-1,-1,0>0,1,1,-1",151051,"16/37",[100,1,1,626,1022,""]],["R",2,"0,1,1,-1>-1,0,1,1",44751,"3/37",[66,3,1,831,1227,""]],["L",1,"-1,0,1,1>0,1,1,-1",57982,"15/37",[98,3,1,417,813,""]],["L",4,"0,1,1,-1>1,-1,-1,0",62374,"16/37",[99,2,1,418,814,""]]]
motion2 pre|1440x900|N4|gap420 [["R",2,"0,1,1,-1>-1,0,1,1",44596,"3/27",[60,3,1,832,1228,""]],["R",3,"-1,0,1,1>-1,-1,0,1",0,"0/26",null],["R",4,"-1,-1,0,1>1,-1,-1,0",62375,"15/26",[98,0,1,627,1023,""]],["R",1,"1,-1,-1,0>0,1,1,-1",151051,"16/26",[99,1,1,627,1023,""]],["R",2,"0,1,1,-1>-1,0,1,1",44583,"3/26",[66,3,1,831,1227,""]],["L",1,"-1,0,1,1>0,1,1,-1",57982,"15/26",[100,3,1,417,813,""]],["L",4,"0,1,1,-1>1,-1,-1,0",62375,"16/26",[98,2,1,417,813,""]]]
motion2 pre|1440x900|N6|gap600 [["R",2,"0,1,1,1,-1,-1>-1,0,1,1,1,-1",42480,"2/38",[56,4,1,882,1278,""]],["R",3,"-1,0,1,1,1,-1>-1,-1,0,1,1,1",37078,"2/37",[66,5,1,883,1279,""]],["R",4,"-1,-1,0,1,1,1>-1,-1,-1,0,1,1",0,"0/37",null],["R",5,"-1,-1,-1,0,1,1>1,-1,-1,-1,0,1",70611,"4/37",[83,0,1,679,1075,""]],["R",6,"1,-1,-1,-1,0,1>1,1,-1,-1,-1,0",61900,"4/37",[82,1,1,679,1075,""]],["L",5,"1,1,-1,-1,-1,0>1,-1,-1,-1,0,1",44505,"2/37",[65,1,1,160,556,""]],["L",4,"1,-1,-1,-1,0,1>-1,-1,-1,0,1,1",39159,"2/36",[66,0,1,161,557,""]]]
motion2 pre|1440x900|N6|gap420 [["R",2,"0,1,1,1,-1,-1>-1,0,1,1,1,-1",42330,"2/27",[54,4,1,883,1279,""]],["R",3,"-1,0,1,1,1,-1>-1,-1,0,1,1,1",37364,"2/26",[66,5,1,882,1278,""]],["R",4,"-1,-1,0,1,1,1>-1,-1,-1,0,1,1",0,"0/26",null],["R",5,"-1,-1,-1,0,1,1>1,-1,-1,-1,0,1",70611,"4/26",[81,0,1,680,1076,""]],["R",6,"1,-1,-1,-1,0,1>1,1,-1,-1,-1,0",61901,"4/26",[82,1,1,680,1076,""]],["L",5,"1,1,-1,-1,-1,0>1,-1,-1,-1,0,1",44122,"2/26",[64,1,1,158,554,""]],["L",4,"1,-1,-1,-1,0,1>-1,-1,-1,0,1,1",39080,"2/26",[66,0,1,160,556,""]]]
motion2 pre|601x800|N3S|gap600 [["R",2,"0,1,-1>-1,0,1",53995,"14/38",[75,2,1,258,654,""]],["R",3,"-1,0,1>1,-1,0",57616,"14/37",[83,0,1,258,654,""]],["R",1,"1,-1,0>0,1,-1",132715,"14/37",[83,1,1,258,654,""]],["R",2,"0,1,-1>-1,0,1",53995,"14/36",[83,2,1,258,654,""]],["R",3,"-1,0,1>1,-1,0",57618,"14/37",[83,0,1,258,654,""]],["L",2,"1,-1,0>-1,0,1",132901,"14/37",[84,0,1,-52,344,""]],["L",1,"-1,0,1>0,1,-1",53995,"14/36",[83,2,1,-53,343,""]]]
motion2 pre|601x800|N3S|gap420 [["R",2,"0,1,-1>-1,0,1",53995,"14/28",[83,2,1,258,654,""]],["R",3,"-1,0,1>1,-1,0",57619,"14/26",[82,0,1,258,654,""]],["R",1,"1,-1,0>0,1,-1",132734,"14/26",[82,1,1,259,655,""]],["R",2,"0,1,-1>-1,0,1",54003,"14/26",[83,2,1,258,654,""]],["R",3,"-1,0,1>1,-1,0",57619,"14/26",[82,0,1,258,654,""]],["L",2,"1,-1,0>-1,0,1",132908,"14/26",[82,0,1,-53,343,""]],["L",1,"-1,0,1>0,1,-1",54003,"14/26",[83,2,1,-54,342,""]]]
motion2 pre|601x800|N4|gap600 [["R",2,"0,1,1,-1>-1,0,1,1",41603,"3/38",[53,3,1,412,808,""]],["R",3,"-1,0,1,1>-1,-1,0,1",0,"0/37",null],["R",4,"-1,-1,0,1>1,-1,-1,0",58059,"15/37",[99,0,1,207,603,""]],["R",1,"1,-1,-1,0>0,1,1,-1",133191,"16/37",[99,1,1,207,603,""]],["R",2,"0,1,1,-1>-1,0,1,1",41538,"3/37",[66,3,1,412,808,""]],["L",1,"-1,0,1,1>0,1,1,-1",53995,"15/37",[100,3,1,-2,394,""]],["L",4,"0,1,1,-1>1,-1,-1,0",58060,"16/37",[99,2,1,-2,394,""]]]
motion2 pre|601x800|N4|gap420 [["R",2,"0,1,1,-1>-1,0,1,1",41694,"3/27",[58,3,1,411,807,""]],["R",3,"-1,0,1,1>-1,-1,0,1",0,"0/26",null],["R",4,"-1,-1,0,1>1,-1,-1,0",58059,"15/26",[100,0,1,207,603,""]],["R",1,"1,-1,-1,0>0,1,1,-1",133193,"16/26",[99,1,1,207,603,""]],["R",2,"0,1,1,-1>-1,0,1,1",41517,"3/26",[66,3,1,411,807,""]],["L",1,"-1,0,1,1>0,1,1,-1",53995,"15/26",[100,3,1,-3,393,""]],["L",4,"0,1,1,-1>1,-1,-1,0",58057,"16/26",[99,2,1,-2,394,""]]]
motion2 pre|601x800|N6|gap600 [["R",2,"0,1,1,1,-1,-1>-1,0,1,1,1,-1",39847,"2/38",[60,4,1,463,859,""]],["R",3,"-1,0,1,1,1,-1>-1,-1,0,1,1,1",34467,"2/37",[66,5,1,464,860,""]],["R",4,"-1,-1,0,1,1,1>-1,-1,-1,0,1,1",0,"0/37",null],["R",5,"-1,-1,-1,0,1,1>1,-1,-1,-1,0,1",66325,"4/37",[83,0,1,259,655,""]],["R",6,"1,-1,-1,-1,0,1>1,1,-1,-1,-1,0",57614,"4/37",[82,1,1,258,654,""]],["L",5,"1,1,-1,-1,-1,0>1,-1,-1,-1,0,1",42099,"2/37",[66,1,1,-258,138,""]],["L",4,"1,-1,-1,-1,0,1>-1,-1,-1,0,1,1",36706,"2/37",[66,0,1,-257,139,""]]]
motion2 pre|601x800|N6|gap420 [["R",2,"0,1,1,1,-1,-1>-1,0,1,1,1,-1",40044,"2/27",[62,4,1,462,858,""]],["R",3,"-1,0,1,1,1,-1>-1,-1,0,1,1,1",34794,"2/26",[66,5,1,462,858,""]],["R",4,"-1,-1,0,1,1,1>-1,-1,-1,0,1,1",0,"0/26",null],["R",5,"-1,-1,-1,0,1,1>1,-1,-1,-1,0,1",66328,"4/26",[82,0,1,260,656,""]],["R",6,"1,-1,-1,-1,0,1>1,1,-1,-1,-1,0",57615,"4/26",[83,1,1,259,655,""]],["L",5,"1,1,-1,-1,-1,0>1,-1,-1,-1,0,1",41445,"2/26",[66,1,1,-261,135,""]],["L",4,"1,-1,-1,-1,0,1>-1,-1,-1,0,1,1",36376,"2/26",[66,0,1,-259,137,""]]]
motion2 pre|844x390|N3S|gap600 [["R",2,"0,1,-1>-1,0,1",54847,"14/38",[81,2,1,380,776,""]],["R",3,"-1,0,1>1,-1,0",58531,"14/37",[81,0,1,379,775,""]],["R",1,"1,-1,0>0,1,-1",92686,"14/37",[83,1,1,380,776,""]],["R",2,"0,1,-1>-1,0,1",54847,"14/37",[83,2,1,379,775,""]],["R",3,"-1,0,1>1,-1,0",58530,"14/37",[83,0,1,379,775,""]],["L",2,"1,-1,0>-1,0,1",92683,"14/37",[82,0,1,69,465,""]],["L",1,"-1,0,1>0,1,-1",54847,"14/37",[82,2,1,69,465,""]]]
motion2 pre|844x390|N3S|gap420 [["R",2,"0,1,-1>-1,0,1",54847,"14/27",[77,2,1,379,775,""]],["R",3,"-1,0,1>1,-1,0",58538,"14/26",[82,0,1,380,776,""]],["R",1,"1,-1,0>0,1,-1",92698,"14/26",[83,1,1,380,776,""]],["R",2,"0,1,-1>-1,0,1",54855,"14/26",[84,2,1,380,776,""]],["R",3,"-1,0,1>1,-1,0",58535,"14/26",[81,0,1,380,776,""]],["L",2,"1,-1,0>-1,0,1",92685,"14/26",[83,0,1,69,465,""]],["L",1,"-1,0,1>0,1,-1",54855,"14/26",[82,2,1,68,464,""]]]
motion2 pre|844x390|N4|gap600 [["R",2,"0,1,1,-1>-1,0,1,1",42398,"3/37",[52,3,1,533,929,""]],["R",3,"-1,0,1,1>-1,-1,0,1",0,"0/37",null],["R",4,"-1,-1,0,1>1,-1,-1,0",58982,"15/37",[100,0,1,329,725,""]],["R",1,"1,-1,-1,0>0,1,1,-1",93012,"16/37",[100,1,1,328,724,""]],["R",2,"0,1,1,-1>-1,0,1,1",42332,"3/37",[66,3,1,533,929,""]],["L",1,"-1,0,1,1>0,1,1,-1",54847,"15/37",[100,3,1,119,515,""]],["L",4,"0,1,1,-1>1,-1,-1,0",58980,"16/36",[100,2,1,120,516,""]]]
motion2 pre|844x390|N4|gap420 [["R",2,"0,1,1,-1>-1,0,1,1",42125,"3/27",[64,3,1,534,930,""]],["R",3,"-1,0,1,1>-1,-1,0,1",0,"0/26",null],["R",4,"-1,-1,0,1>1,-1,-1,0",58981,"15/26",[98,0,1,329,725,""]],["R",1,"1,-1,-1,0>0,1,1,-1",93014,"16/26",[98,1,1,329,725,""]],["R",2,"0,1,1,-1>-1,0,1,1",41965,"3/26",[66,3,1,534,930,""]],["L",1,"-1,0,1,1>0,1,1,-1",54847,"15/26",[99,3,1,118,514,""]],["L",4,"0,1,1,-1>1,-1,-1,0",58979,"16/26",[100,2,1,120,516,""]]]
motion2 pre|844x390|N6|gap600 [["R",2,"0,1,1,1,-1,-1>-1,0,1,1,1,-1",40583,"2/38",[60,4,1,583,979,""]],["R",3,"-1,0,1,1,1,-1>-1,-1,0,1,1,1",35175,"2/36",[66,5,1,585,981,""]],["R",4,"-1,-1,0,1,1,1>-1,-1,-1,0,1,1",0,"0/37",null],["R",5,"-1,-1,-1,0,1,1>1,-1,-1,-1,0,1",67241,"4/37",[83,0,1,380,776,""]],["R",6,"1,-1,-1,-1,0,1>1,1,-1,-1,-1,0",58530,"4/37",[82,1,1,380,776,""]],["L",5,"1,1,-1,-1,-1,0>1,-1,-1,-1,0,1",42632,"2/37",[66,1,1,-137,259,""]],["L",4,"1,-1,-1,-1,0,1>-1,-1,-1,0,1,1",36922,"2/37",[67,0,1,-138,258,""]]]
motion2 pre|844x390|N6|gap420 [["R",2,"0,1,1,1,-1,-1>-1,0,1,1,1,-1",40151,"2/27",[66,4,1,586,982,""]],["R",3,"-1,0,1,1,1,-1>-1,-1,0,1,1,1",35343,"2/26",[65,5,1,584,980,""]],["R",4,"-1,-1,0,1,1,1>-1,-1,-1,0,1,1",0,"0/26",null],["R",5,"-1,-1,-1,0,1,1>1,-1,-1,-1,0,1",67239,"4/26",[82,0,1,380,776,""]],["R",6,"1,-1,-1,-1,0,1>1,1,-1,-1,-1,0",58533,"4/26",[82,1,1,382,778,""]],["L",5,"1,1,-1,-1,-1,0>1,-1,-1,-1,0,1",42391,"2/26",[67,1,1,-138,258,""]],["L",4,"1,-1,-1,-1,0,1>-1,-1,-1,0,1,1",37279,"2/26",[66,0,1,-136,260,""]]]
motion2 frozen post 1440x900 N3S step 2 t 16 /Users/gregory/Workspace/_wt/hh-studio12/_design/site_audit_20260923/r7/shots/refute_layout_motion2_post_1440x900_N3S_step2_t16.png
motion2 frozen post 1440x900 N4 step 3 t 16 /Users/gregory/Workspace/_wt/hh-studio12/_design/site_audit_20260923/r7/shots/refute_layout_motion2_post_1440x900_N4_step3_t16.png
motion2 frozen pre 1440x900 N3S step 5 t 82 /Users/gregory/Workspace/_wt/hh-studio12/_design/site_audit_20260923/r7/shots/refute_layout_motion2_pre_1440x900_N3S_step5_t82.png
motion2 frozen pre 1440x900 N4 step 3 t 100 /Users/gregory/Workspace/_wt/hh-studio12/_design/site_audit_20260923/r7/shots/refute_layout_motion2_pre_1440x900_N4_step3_t100.png
part motion2 239.8s
wrote /Users/gregory/Workspace/_wt/hh-studio12/_design/site_audit_20260923/r7/refute_layout.json
